FAIL __tests__/cleanup.test.ts
  cleanup action
    ﾃ・should delete expired discussions (254 ms)
    ﾃ・should fail if category not found (5 ms)

  笳・cleanup action 窶ｺ should delete expired discussions

    expect(jest.fn()).not.toHaveBeenCalled()

    Expected number of calls: 0
    Received number of calls: 1

    1: "Bad credentials - https://docs.github.com/rest"

       98 |
       99 |         // 讀懆ｨｼ
    > 100 |         expect(setFailedMock).not.toHaveBeenCalled()
          |                                   ^
      101 |         expect(infoMock).toHaveBeenCalledWith(expect.stringContaining('Found category ID: cat1'))
      102 |         expect(infoMock).toHaveBeenCalledWith(expect.stringContaining('Deleting expired discussion'))
      103 |         expect(setOutputMock).toHaveBeenCalledWith('deleted-count', 1)

      at Object.<anonymous> (__tests__/cleanup.test.ts:100:35)

  笳・cleanup action 窶ｺ should fail if category not found

    expect(jest.fn()).toHaveBeenCalledWith(...expected)

    Expected: StringContaining "Category \"MissingCategory\" not found"
    Received: "Cannot read properties of undefined (reading 'discussionCategories')"

    Number of calls: 1

      122 |         await run()
      123 |
    > 124 |         expect(setFailedMock).toHaveBeenCalledWith(expect.stringContaining('Category "MissingCategory" not found'))
          |                               ^
      125 |     })
      126 | })
      127 |

      at Object.<anonymous> (__tests__/cleanup.test.ts:124:31)

--------------|---------|----------|---------|---------|-------------------
File          | % Stmts | % Branch | % Funcs | % Lines | Uncovered Line #s 
--------------|---------|----------|---------|---------|-------------------
All files     |    12.9 |     5.34 |   10.41 |   12.95 |                   
 azure.ts     |       0 |        0 |       0 |       0 | 7-193             
 cleanup.ts   |   84.21 |    58.33 |     100 |   84.21 | 105,153-160,166   
 github.ts    |       0 |        0 |       0 |       0 | 31-189            
 main.ts      |       0 |        0 |       0 |       0 | 26-430            
 plan.ts      |       0 |        0 |       0 |       0 | 11-116            
 templates.ts |       0 |        0 |       0 |       0 | 21-113            
--------------|---------|----------|---------|---------|-------------------
Jest: "global" coverage threshold for statements (98%) not met: 12.9%
Jest: "global" coverage threshold for branches (98%) not met: 5.34%
Jest: "global" coverage threshold for lines (98%) not met: 12.95%
Jest: "global" coverage threshold for functions (98%) not met: 10.41%
Test Suites: 1 failed, 1 total
Tests:       2 failed, 2 total
Snapshots:   0 total
Time:        1.342 s
Ran all test suites matching __tests__/cleanup.test.ts.
